\BOOKMARK [0][-]{chapter*.1}{\376\377\000A\000b\000s\000t\000r\000a\000c\000t}{}% 1
\BOOKMARK [0][-]{chapter*.2}{\376\377\000A\000c\000k\000n\000o\000w\000l\000e\000d\000g\000e\000m\000e\000n\000t\000s}{}% 2
\BOOKMARK [0][-]{chapter*.3}{\376\377\000D\000a\000t\000a\000\040\000a\000n\000d\000\040\000A\000I\000\040\000I\000n\000t\000e\000g\000r\000i\000t\000y\000\040\000D\000e\000c\000l\000a\000r\000a\000t\000i\000o\000n}{}% 3
\BOOKMARK [0][-]{chapter.1}{\376\377\0001\000\040\000I\000n\000t\000r\000o\000d\000u\000c\000t\000i\000o\000n}{}% 4
\BOOKMARK [0][-]{chapter.2}{\376\377\0002\000\040\000H\000i\000g\000h\000-\000P\000e\000r\000f\000o\000r\000m\000a\000n\000c\000e\000\040\000S\000e\000q\000u\000e\000n\000t\000i\000a\000l\000\040\000q\000u\000a\000s\000i\000-\000M\000o\000n\000t\000e\000\040\000C\000a\000r\000l\000o\000\040\000\050\000S\000Q\000M\000C\000\051}{}% 5
\BOOKMARK [1][-]{section.2.1}{\376\377\0002\000.\0001\000\040\000B\000a\000c\000k\000g\000r\000o\000u\000n\000d\000:\000\040\000S\000M\000C\000,\000\040\000Q\000M\000C\000,\000\040\000a\000n\000d\000\040\000S\000Q\000M\000C}{chapter.2}% 6
\BOOKMARK [2][-]{subsection.2.1.1}{\376\377\0002\000.\0001\000.\0001\000\040\000S\000e\000q\000u\000e\000n\000t\000i\000a\000l\000\040\000M\000o\000n\000t\000e\000\040\000C\000a\000r\000l\000o\000\040\000\050\000S\000M\000C\000\051}{section.2.1}% 7
\BOOKMARK [2][-]{subsection.2.1.2}{\376\377\0002\000.\0001\000.\0002\000\040\000Q\000u\000a\000s\000i\000-\000M\000o\000n\000t\000e\000\040\000C\000a\000r\000l\000o\000\040\000\050\000Q\000M\000C\000\051}{section.2.1}% 8
\BOOKMARK [2][-]{subsection.2.1.3}{\376\377\0002\000.\0001\000.\0003\000\040\000S\000e\000q\000u\000e\000n\000t\000i\000a\000l\000\040\000q\000u\000a\000s\000i\000-\000M\000o\000n\000t\000e\000\040\000C\000a\000r\000l\000o\000\040\000\050\000S\000Q\000M\000C\000\051}{section.2.1}% 9
\BOOKMARK [2][-]{subsection.2.1.4}{\376\377\0002\000.\0001\000.\0004\000\040\000K\000e\000y\000\040\000P\000r\000o\000p\000e\000r\000t\000i\000e\000s\000\040\000o\000f\000\040\000S\000Q\000M\000C}{section.2.1}% 10
\BOOKMARK [1][-]{section.2.2}{\376\377\0002\000.\0002\000\040\000W\000h\000y\000\040\000S\000Q\000M\000C\000\040\000m\000a\000p\000s\000\040\000n\000a\000t\000u\000r\000a\000l\000l\000y\000\040\000o\000n\000t\000o\000\040\000a\000c\000c\000e\000l\000e\000r\000a\000t\000o\000r\000s}{chapter.2}% 11
\BOOKMARK [1][-]{section.2.3}{\376\377\0002\000.\0003\000\040\000E\000m\000p\000i\000r\000i\000c\000a\000l\000\040\000e\000v\000a\000l\000u\000a\000t\000i\000o\000n\040\024\000S\000Q\000M\000C\000\040\000v\000e\000r\000s\000u\000s\000\040\000S\000M\000C\000\040\000o\000n\000\040\000G\000P\000U}{chapter.2}% 12
\BOOKMARK [0][-]{chapter.3}{\376\377\0003\000\040\000R\000a\000o\000-\000B\000l\000a\000c\000k\000w\000e\000l\000l\000i\000s\000e\000d\000\040\000S\000Q\000M\000C\000\040\000f\000o\000r\000\040\000F\000o\000o\000t\000b\000a\000l\000l\000\040\000M\000a\000t\000c\000h\000e\000s}{}% 13
\BOOKMARK [1][-]{section.3.1}{\376\377\0003\000.\0001\000\040\000B\000a\000c\000k\000g\000r\000o\000u\000n\000d}{chapter.3}% 14
\BOOKMARK [1][-]{section.3.2}{\376\377\0003\000.\0002\000\040\000M\000o\000d\000e\000l}{chapter.3}% 15
\BOOKMARK [1][-]{section.3.3}{\376\377\0003\000.\0003\000\040\000R\000a\000o\000-\000B\000l\000a\000c\000k\000w\000e\000l\000l\000i\000s\000e\000d\000\040\000S\000M\000C\000\040\000\050\000R\000B\000-\000S\000M\000C\000\051}{chapter.3}% 16
\BOOKMARK [1][-]{section.3.4}{\376\377\0003\000.\0004\000\040\000R\000B\000-\000S\000M\000C\000\040\000S\000m\000o\000o\000t\000h\000i\000n\000g}{chapter.3}% 17
\BOOKMARK [1][-]{section.3.5}{\376\377\0003\000.\0005\000\040\000R\000a\000o\000-\000B\000l\000a\000c\000k\000w\000e\000l\000l\000i\000s\000e\000d\000\040\000S\000Q\000M\000C\000\040\000\050\000R\000B\000-\000S\000Q\000M\000C\000\051}{chapter.3}% 18
\BOOKMARK [1][-]{section.3.6}{\376\377\0003\000.\0006\000\040\000P\000a\000r\000a\000m\000e\000t\000e\000r\000\040\000E\000s\000t\000i\000m\000a\000t\000i\000o\000n}{chapter.3}% 19
\BOOKMARK [1][-]{section.3.7}{\376\377\0003\000.\0007\000\040\000P\000e\000r\000f\000o\000r\000m\000a\000n\000c\000e\000\040\000c\000o\000m\000p\000a\000r\000i\000s\000o\000n}{chapter.3}% 20
\BOOKMARK [0][-]{chapter.4}{\376\377\0004\000\040\000D\000i\000s\000c\000u\000s\000s\000i\000o\000n}{}% 21
\BOOKMARK [1][-]{section.4.1}{\376\377\0004\000.\0001\000\040\000L\000i\000m\000i\000t\000a\000t\000i\000o\000n\000s}{chapter.4}% 22
\BOOKMARK [1][-]{section.4.2}{\376\377\0004\000.\0002\000\040\000E\000x\000t\000e\000n\000s\000i\000o\000n\000s}{chapter.4}% 23
\BOOKMARK [2][-]{subsection.4.2.1}{\376\377\0004\000.\0002\000.\0001\000\040\000P\000a\000r\000a\000m\000e\000t\000e\000r\000\040\000E\000s\000t\000i\000m\000a\000t\000i\000o\000n}{section.4.2}% 24
\BOOKMARK [0][-]{appendix.A}{\376\377\000A\000\040\000P\000r\000o\000o\000f\000s}{}% 25
\BOOKMARK [1][-]{section.A.1}{\376\377\000A\000.\0001\000\040\000K\000r\000o\000n\000e\000c\000k\000e\000r\000\040\000s\000t\000r\000u\000c\000t\000u\000r\000e\000\040\000r\000e\000d\000u\000c\000e\000s\000\040\000t\000h\000e\000\040\000i\000n\000f\000e\000r\000e\000n\000c\000e\000\040\000d\000i\000m\000e\000n\000s\000i\000o\000n}{appendix.A}% 26
\BOOKMARK [1][-]{section.A.2}{\376\377\000A\000.\0002\000\040\000T\000h\000e\000\040\000d\000e\000t\000e\000r\000m\000i\000n\000i\000s\000t\000i\000c\000\040\000i\000n\000v\000e\000r\000s\000e\000-\000C\000D\000F\000\040\000t\000r\000a\000n\000s\000f\000o\000r\000m\000\040\000i\000n\000\040\000R\000B\000-\000S\000Q\000M\000C}{appendix.A}% 27
\BOOKMARK [0][-]{appendix.B}{\376\377\000B\000\040\000I\000m\000p\000l\000e\000m\000e\000n\000t\000a\000t\000i\000o\000n\000\040\000C\000o\000d\000e}{}% 28
\BOOKMARK [1][-]{section.B.1}{\376\377\000B\000.\0001\000\040\000Q\000u\000a\000s\000i\000-\000M\000o\000n\000t\000e\000\040\000C\000a\000r\000l\000o\000\040\000p\000o\000i\000n\000t\000\040\000g\000e\000n\000e\000r\000a\000t\000i\000o\000n\000\040\000\050\000q\000m\000c\000.\000p\000y\000\051}{appendix.B}% 29
\BOOKMARK [1][-]{section.B.2}{\376\377\000B\000.\0002\000\040\000H\000i\000l\000b\000e\000r\000t\000\040\000s\000o\000r\000t\000i\000n\000g\000\040\000\050\000h\000i\000l\000b\000e\000r\000t\000\137\000s\000o\000r\000t\000.\000p\000y\000\051}{appendix.B}% 30
